\BOOKMARK [1][-]{section.1}{\376\377\220\011\230\230\141\017\116\111\116\016\166\356\150\007\133\232\117\115}{}% 1
\BOOKMARK [2][-]{subsection.1.1}{\376\377\145\131\133\146\200\314\146\157\116\016\220\011\230\230\116\367\120\074}{section.1}% 2
\BOOKMARK [2][-]{subsection.1.2}{\376\377\163\260\147\011\145\131\133\146\116\055\166\204\116\073\211\201\126\360\226\276}{section.1}% 3
\BOOKMARK [2][-]{subsection.1.3}{\376\377\117\134\124\301\133\232\117\115}{section.1}% 4
\BOOKMARK [2][-]{subsection.1.4}{\376\377\220\002\165\050\133\371\214\141\116\016\145\131\133\146\127\072\146\157}{section.1}% 5
\BOOKMARK [2][-]{subsection.1.5}{\376\377\145\131\133\146\166\356\150\007}{section.1}% 6
\BOOKMARK [2][-]{subsection.1.6}{\376\377\230\204\147\037\133\146\116\140\142\020\147\234}{section.1}% 7
\BOOKMARK [1][-]{section.2}{\376\377\162\151\164\006\123\237\164\006\116\016\213\241\173\227\152\041\127\213}{}% 8
\BOOKMARK [2][-]{subsection.2.1}{\376\377\152\041\127\213\217\271\165\114\060\001\127\120\150\007\176\246\133\232\116\016\176\337\116\000\210\150\217\276}{section.2}% 9
\BOOKMARK [2][-]{subsection.2.2}{\376\377\133\236\232\214\116\000\377\032\166\370\117\115\135\356\116\016\151\055\127\006\121\340\117\125}{section.2}% 10
\BOOKMARK [2][-]{subsection.2.3}{\376\377\133\236\232\214\116\214\377\032\143\057\136\105\153\324\060\001\137\122\116\000\123\026\116\016\227\142\171\357\116\015\123\330\221\317}{section.2}% 11
\BOOKMARK [2][-]{subsection.2.4}{\376\377\133\236\232\214\116\011\377\032\147\011\164\006\230\221\163\207\153\324\116\016\225\355\124\010\122\044\143\156}{section.2}% 12
\BOOKMARK [2][-]{subsection.2.5}{\376\377\133\236\232\214\126\333\377\032\230\221\163\207\131\061\214\020\116\016\137\353\141\142\145\366\225\364\134\072\136\246}{section.2}% 13
\BOOKMARK [2][-]{subsection.2.6}{\376\377\171\273\145\143\123\026\060\001\145\160\120\074\213\357\135\356\116\016\152\041\127\213\150\041\232\214}{section.2}% 14
\BOOKMARK [1][-]{section.3}{\376\377\117\134\124\301\140\073\117\123\213\276\213\241\116\016\133\236\163\260\155\101\172\013}{}% 15
\BOOKMARK [2][-]{subsection.3.1}{\376\377\217\157\116\366\147\266\147\204}{section.3}% 16
\BOOKMARK [2][-]{subsection.3.2}{\376\377\000P\000y\000t\000h\000o\000n\040\023\000J\000u\000l\000i\000a\000\040\155\367\124\010\177\026\172\013\116\016\217\333\172\013\123\117\124\014}{section.3}% 17
\BOOKMARK [2][-]{subsection.3.3}{\376\377\133\236\163\260\155\101\172\013}{section.3}% 18
\BOOKMARK [2][-]{subsection.3.4}{\376\377\165\114\227\142\116\016\116\244\116\222}{section.3}% 19
\BOOKMARK [1][-]{section.4}{\376\377\146\172\200\375\225\356\173\124\162\171\202\162\213\276\213\241}{}% 20
\BOOKMARK [2][-]{subsection.4.1}{\376\377\227\142\124\021\133\236\232\214\133\146\116\140\166\204\122\237\200\375\133\232\117\115}{section.4}% 21
\BOOKMARK [2][-]{subsection.4.2}{\376\377\116\016\150\041\121\205\131\047\133\146\162\151\164\006\146\172\200\375\122\251\145\131\136\163\123\360\166\204\121\163\174\373}{section.4}% 22
\BOOKMARK [2][-]{subsection.4.3}{\376\377\146\172\200\375\225\356\173\124\165\114\227\142\116\016\116\244\116\222\224\376\215\357}{section.4}% 23
\BOOKMARK [2][-]{subsection.4.4}{\376\377\116\023\230\230\167\345\213\306\136\223\116\016\155\367\124\010\150\300\175\042}{section.4}% 24
\BOOKMARK [2][-]{subsection.4.5}{\376\377\131\032\152\041\140\001\217\375\225\356\116\016\170\156\133\232\140\047\213\241\173\227}{section.4}% 25
\BOOKMARK [2][-]{subsection.4.6}{\376\377\123\357\220\011\142\351\060\001\123\327\226\120\122\066\166\204\000\040\000P\000y\000t\000h\000o\000n\000\040\123\357\211\306\123\026}{section.4}% 26
\BOOKMARK [2][-]{subsection.4.7}{\376\377\126\336\173\124\176\246\147\137\060\001\226\115\176\247\147\072\122\066\116\016\215\050\221\317\213\304\116\367}{section.4}% 27
\BOOKMARK [1][-]{section.5}{\376\377\117\177\165\050\145\271\154\325\116\016\123\302\145\160\203\003\126\364}{}% 28
\BOOKMARK [2][-]{subsection.5.1}{\376\377\127\372\147\054\144\315\117\134}{section.5}% 29
\BOOKMARK [2][-]{subsection.5.2}{\376\377\137\123\122\115\177\121\230\165\133\236\232\214\123\302\145\160\203\003\126\364}{section.5}% 30
\BOOKMARK [1][-]{section.6}{\376\377\176\323\147\234\166\204\162\151\164\006\141\017\116\111\060\001\147\011\145\110\140\047\116\016\232\214\213\301}{}% 31
\BOOKMARK [2][-]{subsection.6.1}{\376\377\123\357\131\015\173\227\166\204\164\006\213\272\150\067\117\213}{section.6}% 32
\BOOKMARK [2][-]{subsection.6.2}{\376\377\145\131\133\146\147\011\145\110\140\047\213\304\116\367\145\271\150\110}{section.6}% 33
\BOOKMARK [1][-]{section.7}{\376\377\122\033\145\260\140\047\060\001\121\110\217\333\140\047\116\016\163\260\133\236\141\017\116\111}{}% 34
\BOOKMARK [2][-]{subsection.7.1}{\376\377\116\073\211\201\122\033\145\260\160\271}{section.7}% 35
\BOOKMARK [2][-]{subsection.7.2}{\376\377\143\250\136\177\127\072\146\157}{section.7}% 36
\BOOKMARK [1][-]{section.8}{\376\377\134\100\226\120\140\047\116\016\145\071\217\333\140\035\215\357}{}% 37
\BOOKMARK [1][-]{section.9}{\376\377\217\320\210\114\163\257\130\203\116\016\220\350\177\162\211\201\154\102}{}% 38
\BOOKMARK [2][-]{subsection.9.1}{\376\377\123\302\215\133\123\125\145\207\116\366\162\110}{section.9}% 39
\BOOKMARK [2][-]{subsection.9.2}{\376\377\137\000\123\321\116\016\131\015\163\260\163\257\130\203}{section.9}% 40
\BOOKMARK [1][-]{section.10}{\376\377\217\157\116\366\176\304\142\020\060\001\201\352\170\024\217\271\165\114\116\016\133\146\147\057\211\304\203\003}{}% 41
\BOOKMARK [2][-]{subsection.10.1}{\376\377\217\157\116\366\152\041\127\127\213\364\146\016}{section.10}% 42
\BOOKMARK [2][-]{subsection.10.2}{\376\377\000L\000a\000T\000e\000X\000\040\145\207\150\143\177\026\122\066\213\364\146\016}{section.10}% 43
\BOOKMARK [1][-]{section.11}{\376\377\142\020\124\130\215\041\163\056\116\016\137\000\123\321\123\206\172\013}{}% 44
\BOOKMARK [1][-]{section.12}{\376\377\176\323\213\272\116\016\134\125\147\033}{}% 45
\BOOKMARK [1][-]{appendix.A}{\376\377\143\320\116\244\122\115\124\010\211\304\150\300\147\345\210\150}{}% 46
